CONTAINER ID   NAME      CPU %     MEM USAGE / LIMIT     MEM %     NET I/O           BLOCK I/O     PIDS
e39ba801c0e1   nginx     90.00%    13.53MiB / 7.657GiB   50.17%    10.8MB / 42.1GB   0B / 12.3kB   17
